// Jest Snapshot v1, https://goo.gl/fbAQLP

exports[`Testing the AddCategory component should render 1`] = `
<form
  onSubmit={[Function]}
>
  <p />
  <input
    onChange={[Function]}
    placeholder="Enter a value to find gifs"
    type="text"
    value=""
  />
</form>
`;
